Compiling the C compiler identification source file "CMakeCCompilerId.c" failed.
Compiler: /usr/bin/riscv64-unknown-elf-gcc 
Build flags: 
Id flags:  

The output was:
1
/usr/lib/riscv64-unknown-elf/bin/ld: cannot find crt0.o: No such file or directory
/usr/lib/riscv64-unknown-elf/bin/ld: cannot find -lc
/usr/lib/riscv64-unknown-elf/bin/ld: cannot find -lgloss
collect2: error: ld returned 1 exit status


Compiling the CXX compiler identification source file "CMakeCXXCompilerId.cpp" failed.
Compiler: /usr/bin/riscv64-unknown-elf-g++ 
Build flags: 
Id flags:  

The output was:
1
/usr/lib/riscv64-unknown-elf/bin/ld: cannot find crt0.o: No such file or directory
/usr/lib/riscv64-unknown-elf/bin/ld: cannot find -lstdc++
/usr/lib/riscv64-unknown-elf/bin/ld: cannot find -lm
/usr/lib/riscv64-unknown-elf/bin/ld: cannot find -lc
/usr/lib/riscv64-unknown-elf/bin/ld: cannot find -lgloss
collect2: error: ld returned 1 exit status


Detecting C compiler ABI info failed to compile with the following output:
Change Dir: /media/dm/HOME/CODE-20260327-Wch32v208/ch32blehid/build/CMakeFiles/CMakeTmp

Run Build Command(s):/usr/bin/gmake -f Makefile cmTC_5c15d/fast && /usr/bin/gmake  -f CMakeFiles/cmTC_5c15d.dir/build.make CMakeFiles/cmTC_5c15d.dir/build
gmake[1]: Entering directory '/media/dm/HOME/CODE-20260327-Wch32v208/ch32blehid/build/CMakeFiles/CMakeTmp'
Building C object CMakeFiles/cmTC_5c15d.dir/CMakeCCompilerABI.c.obj
/usr/bin/riscv64-unknown-elf-gcc   -v -o CMakeFiles/cmTC_5c15d.dir/CMakeCCompilerABI.c.obj -c /usr/share/cmake-3.22/Modules/CMakeCCompilerABI.c
Using built-in specs.
COLLECT_GCC=/usr/bin/riscv64-unknown-elf-gcc
Target: riscv64-unknown-elf
Configured with: ../configure --build=x86_64-linux-gnu --prefix=/usr --includedir='/usr/include' --mandir='/usr/share/man' --infodir='/usr/share/info' --sysconfdir=/etc --localstatedir=/var --disable-option-checking --disable-silent-rules --libdir='/usr/lib/x86_64-linux-gnu' --libexecdir='/usr/lib/x86_64-linux-gnu' --disable-maintainer-mode --disable-dependency-tracking --target=riscv64-unknown-elf --prefix=/usr --infodir=/usr/share/doc/gcc-riscv64-unknown-elf/info --mandir=/usr/share/man --htmldir=/usr/share/doc/gcc-riscv64-unknown-elf/html --pdfdir=/usr/share/doc/gcc-riscv64-unknown-elf/pdf --bindir=/usr/bin --libexecdir=/usr/lib --libdir=/usr/lib --with-pkgversion= --disable-shared --disable-threads --enable-languages=c,c++ --enable-tls --with-newlib --with-native-system-header-dir=/include --disable-libmudflap --disable-libssp --disable-libquadmath --disable-libgomp --disable-nls --with-system-zlib --enable-checking=yes --enable-multilib --with-abi=lp64d --disable-libstdcxx-pch --disable-libstdcxx --disable-fixinc --with-arch=rv64imafdc --with-gnu-as --with-gnu-ld --with-as=/usr/lib/riscv64-unknown-elf/bin/as --with-ld=/usr/lib/riscv64-unknown-elf/bin/ld AR_FOR_TARGET=/usr/lib/riscv64-unknown-elf/bin/ar AS_FOR_TARGET=/usr/lib/riscv64-unknown-elf/bin/as NM_FOR_TARGET=/usr/lib/riscv64-unknown-elf/bin/nm LD_FOR_TARGET=/usr/lib/riscv64-unknown-elf/bin/ld OBJDUMP_FOR_TARGET=/usr/lib/riscv64-unknown-elf/bin/objdump RANLIB_FOR_TARGET=/usr/lib/riscv64-unknown-elf/bin/ranlib READELF_FOR_TARGET=/usr/lib/riscv64-unknown-elf/bin/readelf STRIP_FOR_TARGET=/usr/lib/riscv64-unknown-elf/bin/strip CFLAGS='-g -O2 -fdebug-prefix-map=/build/gcc-riscv64-unknown-elf-LkcieF/gcc-riscv64-unknown-elf-10.2.0=. -fstack-protector-strong' CPPFLAGS='-Wdate-time -D_FORTIFY_SOURCE=2' CXXFLAGS='-g -O2 -fdebug-prefix-map=/build/gcc-riscv64-unknown-elf-LkcieF/gcc-riscv64-unknown-elf-10.2.0=. -fstack-protector-strong' FCFLAGS='-g -O2 -fdebug-prefix-map=/build/gcc-riscv64-unknown-elf-LkcieF/gcc-riscv64-unknown-elf-10.2.0=. -fstack-protector-strong' FFLAGS='-g -O2 -fdebug-prefix-map=/build/gcc-riscv64-unknown-elf-LkcieF/gcc-riscv64-unknown-elf-10.2.0=. -fstack-protector-strong' GCJFLAGS='-g -O2 -fdebug-prefix-map=/build/gcc-riscv64-unknown-elf-LkcieF/gcc-riscv64-unknown-elf-10.2.0=. -fstack-protector-strong' LDFLAGS='-Wl,-Bsymbolic-functions -Wl,-z,relro -Wl,-z,now' OBJCFLAGS='-g -O2 -fdebug-prefix-map=/build/gcc-riscv64-unknown-elf-LkcieF/gcc-riscv64-unknown-elf-10.2.0=. -fstack-protector-strong' OBJCXXFLAGS='-g -O2 -fdebug-prefix-map=/build/gcc-riscv64-unknown-elf-LkcieF/gcc-riscv64-unknown-elf-10.2.0=. -fstack-protector-strong' 'CFLAGS_FOR_TARGET=-Os -mcmodel=medany' 'CXXFLAGS_FOR_TARGET=-Os -mcmodel=medany'
Thread model: single
Supported LTO compression algorithms: zlib
gcc version 10.2.0 () 
COLLECT_GCC_OPTIONS='-v' '-o' 'CMakeFiles/cmTC_5c15d.dir/CMakeCCompilerABI.c.obj' '-c' '-march=rv64imafdc' '-mabi=lp64d'
 /usr/lib/gcc/riscv64-unknown-elf/10.2.0/cc1 -quiet -v -imultilib rv64imafdc/lp64d /usr/share/cmake-3.22/Modules/CMakeCCompilerABI.c -quiet -dumpbase CMakeCCompilerABI.c -march=rv64imafdc -mabi=lp64d -auxbase-strip CMakeFiles/cmTC_5c15d.dir/CMakeCCompilerABI.c.obj -version -o /tmp/cczL76HG.s
GNU C17 () version 10.2.0 (riscv64-unknown-elf)
	compiled by GNU C version 10.2.0, GMP version 6.2.0, MPFR version 4.1.0, MPC version 1.2.0-rc1, isl version none
warning: GMP header version 6.2.0 differs from library version 6.2.1.
warning: MPC header version 1.2.0-rc1 differs from library version 1.2.1.
GGC heuristics: --param ggc-min-expand=30 --param ggc-min-heapsize=4096
ignoring nonexistent directory "/usr/lib/gcc/riscv64-unknown-elf/10.2.0/../../../../riscv64-unknown-elf/sys-include"
ignoring nonexistent directory "/usr/lib/gcc/riscv64-unknown-elf/10.2.0/../../../../riscv64-unknown-elf/include"
#include "..." search starts here:
#include <...> search starts here:
 /usr/lib/gcc/riscv64-unknown-elf/10.2.0/include
 /usr/lib/gcc/riscv64-unknown-elf/10.2.0/include-fixed
End of search list.
GNU C17 () version 10.2.0 (riscv64-unknown-elf)
	compiled by GNU C version 10.2.0, GMP version 6.2.0, MPFR version 4.1.0, MPC version 1.2.0-rc1, isl version none
warning: GMP header version 6.2.0 differs from library version 6.2.1.
warning: MPC header version 1.2.0-rc1 differs from library version 1.2.1.
GGC heuristics: --param ggc-min-expand=30 --param ggc-min-heapsize=4096
Compiler executable checksum: 25503746c4b264fb4a430029e3344b15
COLLECT_GCC_OPTIONS='-v' '-o' 'CMakeFiles/cmTC_5c15d.dir/CMakeCCompilerABI.c.obj' '-c' '-march=rv64imafdc' '-mabi=lp64d'
 /usr/lib/riscv64-unknown-elf/bin/as -v --traditional-format -march=rv64imafdc -mabi=lp64d -o CMakeFiles/cmTC_5c15d.dir/CMakeCCompilerABI.c.obj /tmp/cczL76HG.s
GNU assembler version 2.35.1 (riscv64-unknown-elf) using BFD version () 2.35.1
COMPILER_PATH=/usr/lib/gcc/riscv64-unknown-elf/10.2.0/:/usr/lib/gcc/riscv64-unknown-elf/10.2.0/:/usr/lib/gcc/riscv64-unknown-elf/:/usr/lib/gcc/riscv64-unknown-elf/10.2.0/:/usr/lib/gcc/riscv64-unknown-elf/
LIBRARY_PATH=/usr/lib/gcc/riscv64-unknown-elf/10.2.0/rv64imafdc/lp64d/:/usr/lib/gcc/riscv64-unknown-elf/10.2.0/
COLLECT_GCC_OPTIONS='-v' '-o' 'CMakeFiles/cmTC_5c15d.dir/CMakeCCompilerABI.c.obj' '-c' '-march=rv64imafdc' '-mabi=lp64d'
Linking C executable cmTC_5c15d
/usr/bin/cmake -E cmake_link_script CMakeFiles/cmTC_5c15d.dir/link.txt --verbose=1
/usr/bin/riscv64-unknown-elf-gcc  -v CMakeFiles/cmTC_5c15d.dir/CMakeCCompilerABI.c.obj -o cmTC_5c15d 
Using built-in specs.
COLLECT_GCC=/usr/bin/riscv64-unknown-elf-gcc
COLLECT_LTO_WRAPPER=/usr/lib/gcc/riscv64-unknown-elf/10.2.0/lto-wrapper
Target: riscv64-unknown-elf
Configured with: ../configure --build=x86_64-linux-gnu --prefix=/usr --includedir='/usr/include' --mandir='/usr/share/man' --infodir='/usr/share/info' --sysconfdir=/etc --localstatedir=/var --disable-option-checking --disable-silent-rules --libdir='/usr/lib/x86_64-linux-gnu' --libexecdir='/usr/lib/x86_64-linux-gnu' --disable-maintainer-mode --disable-dependency-tracking --target=riscv64-unknown-elf --prefix=/usr --infodir=/usr/share/doc/gcc-riscv64-unknown-elf/info --mandir=/usr/share/man --htmldir=/usr/share/doc/gcc-riscv64-unknown-elf/html --pdfdir=/usr/share/doc/gcc-riscv64-unknown-elf/pdf --bindir=/usr/bin --libexecdir=/usr/lib --libdir=/usr/lib --with-pkgversion= --disable-shared --disable-threads --enable-languages=c,c++ --enable-tls --with-newlib --with-native-system-header-dir=/include --disable-libmudflap --disable-libssp --disable-libquadmath --disable-libgomp --disable-nls --with-system-zlib --enable-checking=yes --enable-multilib --with-abi=lp64d --disable-libstdcxx-pch --disable-libstdcxx --disable-fixinc --with-arch=rv64imafdc --with-gnu-as --with-gnu-ld --with-as=/usr/lib/riscv64-unknown-elf/bin/as --with-ld=/usr/lib/riscv64-unknown-elf/bin/ld AR_FOR_TARGET=/usr/lib/riscv64-unknown-elf/bin/ar AS_FOR_TARGET=/usr/lib/riscv64-unknown-elf/bin/as NM_FOR_TARGET=/usr/lib/riscv64-unknown-elf/bin/nm LD_FOR_TARGET=/usr/lib/riscv64-unknown-elf/bin/ld OBJDUMP_FOR_TARGET=/usr/lib/riscv64-unknown-elf/bin/objdump RANLIB_FOR_TARGET=/usr/lib/riscv64-unknown-elf/bin/ranlib READELF_FOR_TARGET=/usr/lib/riscv64-unknown-elf/bin/readelf STRIP_FOR_TARGET=/usr/lib/riscv64-unknown-elf/bin/strip CFLAGS='-g -O2 -fdebug-prefix-map=/build/gcc-riscv64-unknown-elf-LkcieF/gcc-riscv64-unknown-elf-10.2.0=. -fstack-protector-strong' CPPFLAGS='-Wdate-time -D_FORTIFY_SOURCE=2' CXXFLAGS='-g -O2 -fdebug-prefix-map=/build/gcc-riscv64-unknown-elf-LkcieF/gcc-riscv64-unknown-elf-10.2.0=. -fstack-protector-strong' FCFLAGS='-g -O2 -fdebug-prefix-map=/build/gcc-riscv64-unknown-elf-LkcieF/gcc-riscv64-unknown-elf-10.2.0=. -fstack-protector-strong' FFLAGS='-g -O2 -fdebug-prefix-map=/build/gcc-riscv64-unknown-elf-LkcieF/gcc-riscv64-unknown-elf-10.2.0=. -fstack-protector-strong' GCJFLAGS='-g -O2 -fdebug-prefix-map=/build/gcc-riscv64-unknown-elf-LkcieF/gcc-riscv64-unknown-elf-10.2.0=. -fstack-protector-strong' LDFLAGS='-Wl,-Bsymbolic-functions -Wl,-z,relro -Wl,-z,now' OBJCFLAGS='-g -O2 -fdebug-prefix-map=/build/gcc-riscv64-unknown-elf-LkcieF/gcc-riscv64-unknown-elf-10.2.0=. -fstack-protector-strong' OBJCXXFLAGS='-g -O2 -fdebug-prefix-map=/build/gcc-riscv64-unknown-elf-LkcieF/gcc-riscv64-unknown-elf-10.2.0=. -fstack-protector-strong' 'CFLAGS_FOR_TARGET=-Os -mcmodel=medany' 'CXXFLAGS_FOR_TARGET=-Os -mcmodel=medany'
Thread model: single
Supported LTO compression algorithms: zlib
gcc version 10.2.0 () 
COMPILER_PATH=/usr/lib/gcc/riscv64-unknown-elf/10.2.0/:/usr/lib/gcc/riscv64-unknown-elf/10.2.0/:/usr/lib/gcc/riscv64-unknown-elf/:/usr/lib/gcc/riscv64-unknown-elf/10.2.0/:/usr/lib/gcc/riscv64-unknown-elf/
LIBRARY_PATH=/usr/lib/gcc/riscv64-unknown-elf/10.2.0/rv64imafdc/lp64d/:/usr/lib/gcc/riscv64-unknown-elf/10.2.0/
COLLECT_GCC_OPTIONS='-v' '-o' 'cmTC_5c15d' '-march=rv64imafdc' '-mabi=lp64d'
 /usr/lib/gcc/riscv64-unknown-elf/10.2.0/collect2 -plugin /usr/lib/gcc/riscv64-unknown-elf/10.2.0/liblto_plugin.so -plugin-opt=/usr/lib/gcc/riscv64-unknown-elf/10.2.0/lto-wrapper -plugin-opt=-fresolution=/tmp/ccrlpH37.res -plugin-opt=-pass-through=-lgcc -plugin-opt=-pass-through=-lc -plugin-opt=-pass-through=-lgloss -plugin-opt=-pass-through=-lgcc -melf64lriscv -o cmTC_5c15d crt0.o /usr/lib/gcc/riscv64-unknown-elf/10.2.0/rv64imafdc/lp64d/crtbegin.o -L/usr/lib/gcc/riscv64-unknown-elf/10.2.0/rv64imafdc/lp64d -L/usr/lib/gcc/riscv64-unknown-elf/10.2.0 CMakeFiles/cmTC_5c15d.dir/CMakeCCompilerABI.c.obj -lgcc --start-group -lc -lgloss --end-group -lgcc /usr/lib/gcc/riscv64-unknown-elf/10.2.0/rv64imafdc/lp64d/crtend.o
/usr/lib/riscv64-unknown-elf/bin/ld: cannot find crt0.o: No such file or directory
/usr/lib/riscv64-unknown-elf/bin/ld: cannot find -lc
/usr/lib/riscv64-unknown-elf/bin/ld: cannot find -lgloss
collect2: error: ld returned 1 exit status
gmake[1]: *** [CMakeFiles/cmTC_5c15d.dir/build.make:99: cmTC_5c15d] Error 1
gmake[1]: Leaving directory '/media/dm/HOME/CODE-20260327-Wch32v208/ch32blehid/build/CMakeFiles/CMakeTmp'
gmake: *** [Makefile:127: cmTC_5c15d/fast] Error 2




Detecting CXX compiler ABI info failed to compile with the following output:
Change Dir: /media/dm/HOME/CODE-20260327-Wch32v208/ch32blehid/build/CMakeFiles/CMakeTmp

Run Build Command(s):/usr/bin/gmake -f Makefile cmTC_2d6e8/fast && /usr/bin/gmake  -f CMakeFiles/cmTC_2d6e8.dir/build.make CMakeFiles/cmTC_2d6e8.dir/build
gmake[1]: Entering directory '/media/dm/HOME/CODE-20260327-Wch32v208/ch32blehid/build/CMakeFiles/CMakeTmp'
Building CXX object CMakeFiles/cmTC_2d6e8.dir/CMakeCXXCompilerABI.cpp.obj
/usr/bin/riscv64-unknown-elf-g++   -v -o CMakeFiles/cmTC_2d6e8.dir/CMakeCXXCompilerABI.cpp.obj -c /usr/share/cmake-3.22/Modules/CMakeCXXCompilerABI.cpp
Using built-in specs.
COLLECT_GCC=/usr/bin/riscv64-unknown-elf-g++
Target: riscv64-unknown-elf
Configured with: ../configure --build=x86_64-linux-gnu --prefix=/usr --includedir='/usr/include' --mandir='/usr/share/man' --infodir='/usr/share/info' --sysconfdir=/etc --localstatedir=/var --disable-option-checking --disable-silent-rules --libdir='/usr/lib/x86_64-linux-gnu' --libexecdir='/usr/lib/x86_64-linux-gnu' --disable-maintainer-mode --disable-dependency-tracking --target=riscv64-unknown-elf --prefix=/usr --infodir=/usr/share/doc/gcc-riscv64-unknown-elf/info --mandir=/usr/share/man --htmldir=/usr/share/doc/gcc-riscv64-unknown-elf/html --pdfdir=/usr/share/doc/gcc-riscv64-unknown-elf/pdf --bindir=/usr/bin --libexecdir=/usr/lib --libdir=/usr/lib --with-pkgversion= --disable-shared --disable-threads --enable-languages=c,c++ --enable-tls --with-newlib --with-native-system-header-dir=/include --disable-libmudflap --disable-libssp --disable-libquadmath --disable-libgomp --disable-nls --with-system-zlib --enable-checking=yes --enable-multilib --with-abi=lp64d --disable-libstdcxx-pch --disable-libstdcxx --disable-fixinc --with-arch=rv64imafdc --with-gnu-as --with-gnu-ld --with-as=/usr/lib/riscv64-unknown-elf/bin/as --with-ld=/usr/lib/riscv64-unknown-elf/bin/ld AR_FOR_TARGET=/usr/lib/riscv64-unknown-elf/bin/ar AS_FOR_TARGET=/usr/lib/riscv64-unknown-elf/bin/as NM_FOR_TARGET=/usr/lib/riscv64-unknown-elf/bin/nm LD_FOR_TARGET=/usr/lib/riscv64-unknown-elf/bin/ld OBJDUMP_FOR_TARGET=/usr/lib/riscv64-unknown-elf/bin/objdump RANLIB_FOR_TARGET=/usr/lib/riscv64-unknown-elf/bin/ranlib READELF_FOR_TARGET=/usr/lib/riscv64-unknown-elf/bin/readelf STRIP_FOR_TARGET=/usr/lib/riscv64-unknown-elf/bin/strip CFLAGS='-g -O2 -fdebug-prefix-map=/build/gcc-riscv64-unknown-elf-LkcieF/gcc-riscv64-unknown-elf-10.2.0=. -fstack-protector-strong' CPPFLAGS='-Wdate-time -D_FORTIFY_SOURCE=2' CXXFLAGS='-g -O2 -fdebug-prefix-map=/build/gcc-riscv64-unknown-elf-LkcieF/gcc-riscv64-unknown-elf-10.2.0=. -fstack-protector-strong' FCFLAGS='-g -O2 -fdebug-prefix-map=/build/gcc-riscv64-unknown-elf-LkcieF/gcc-riscv64-unknown-elf-10.2.0=. -fstack-protector-strong' FFLAGS='-g -O2 -fdebug-prefix-map=/build/gcc-riscv64-unknown-elf-LkcieF/gcc-riscv64-unknown-elf-10.2.0=. -fstack-protector-strong' GCJFLAGS='-g -O2 -fdebug-prefix-map=/build/gcc-riscv64-unknown-elf-LkcieF/gcc-riscv64-unknown-elf-10.2.0=. -fstack-protector-strong' LDFLAGS='-Wl,-Bsymbolic-functions -Wl,-z,relro -Wl,-z,now' OBJCFLAGS='-g -O2 -fdebug-prefix-map=/build/gcc-riscv64-unknown-elf-LkcieF/gcc-riscv64-unknown-elf-10.2.0=. -fstack-protector-strong' OBJCXXFLAGS='-g -O2 -fdebug-prefix-map=/build/gcc-riscv64-unknown-elf-LkcieF/gcc-riscv64-unknown-elf-10.2.0=. -fstack-protector-strong' 'CFLAGS_FOR_TARGET=-Os -mcmodel=medany' 'CXXFLAGS_FOR_TARGET=-Os -mcmodel=medany'
Thread model: single
Supported LTO compression algorithms: zlib
gcc version 10.2.0 () 
COLLECT_GCC_OPTIONS='-v' '-o' 'CMakeFiles/cmTC_2d6e8.dir/CMakeCXXCompilerABI.cpp.obj' '-c' '-march=rv64imafdc' '-mabi=lp64d'
 /usr/lib/gcc/riscv64-unknown-elf/10.2.0/cc1plus -quiet -v -imultilib rv64imafdc/lp64d /usr/share/cmake-3.22/Modules/CMakeCXXCompilerABI.cpp -quiet -dumpbase CMakeCXXCompilerABI.cpp -march=rv64imafdc -mabi=lp64d -auxbase-strip CMakeFiles/cmTC_2d6e8.dir/CMakeCXXCompilerABI.cpp.obj -version -o /tmp/cc4dp8SB.s
GNU C++14 () version 10.2.0 (riscv64-unknown-elf)
	compiled by GNU C version 10.2.0, GMP version 6.2.0, MPFR version 4.1.0, MPC version 1.2.0-rc1, isl version none
warning: GMP header version 6.2.0 differs from library version 6.2.1.
warning: MPC header version 1.2.0-rc1 differs from library version 1.2.1.
GGC heuristics: --param ggc-min-expand=30 --param ggc-min-heapsize=4096
ignoring nonexistent directory "/usr/lib/gcc/riscv64-unknown-elf/10.2.0/../../../../riscv64-unknown-elf/include/c++/10.2.0"
ignoring nonexistent directory "/usr/lib/gcc/riscv64-unknown-elf/10.2.0/../../../../riscv64-unknown-elf/include/c++/10.2.0/riscv64-unknown-elf/rv64imafdc/lp64d"
ignoring nonexistent directory "/usr/lib/gcc/riscv64-unknown-elf/10.2.0/../../../../riscv64-unknown-elf/include/c++/10.2.0/backward"
ignoring nonexistent directory "/usr/lib/gcc/riscv64-unknown-elf/10.2.0/../../../../riscv64-unknown-elf/sys-include"
ignoring nonexistent directory "/usr/lib/gcc/riscv64-unknown-elf/10.2.0/../../../../riscv64-unknown-elf/include"
#include "..." search starts here:
#include <...> search starts here:
 /usr/lib/gcc/riscv64-unknown-elf/10.2.0/include
 /usr/lib/gcc/riscv64-unknown-elf/10.2.0/include-fixed
End of search list.
GNU C++14 () version 10.2.0 (riscv64-unknown-elf)
	compiled by GNU C version 10.2.0, GMP version 6.2.0, MPFR version 4.1.0, MPC version 1.2.0-rc1, isl version none
warning: GMP header version 6.2.0 differs from library version 6.2.1.
warning: MPC header version 1.2.0-rc1 differs from library version 1.2.1.
GGC heuristics: --param ggc-min-expand=30 --param ggc-min-heapsize=4096
Compiler executable checksum: 66d90f180db8d7de16552e86d6a35f1b
COLLECT_GCC_OPTIONS='-v' '-o' 'CMakeFiles/cmTC_2d6e8.dir/CMakeCXXCompilerABI.cpp.obj' '-c' '-march=rv64imafdc' '-mabi=lp64d'
 /usr/lib/riscv64-unknown-elf/bin/as -v --traditional-format -march=rv64imafdc -mabi=lp64d -o CMakeFiles/cmTC_2d6e8.dir/CMakeCXXCompilerABI.cpp.obj /tmp/cc4dp8SB.s
GNU assembler version 2.35.1 (riscv64-unknown-elf) using BFD version () 2.35.1
COMPILER_PATH=/usr/lib/gcc/riscv64-unknown-elf/10.2.0/:/usr/lib/gcc/riscv64-unknown-elf/10.2.0/:/usr/lib/gcc/riscv64-unknown-elf/:/usr/lib/gcc/riscv64-unknown-elf/10.2.0/:/usr/lib/gcc/riscv64-unknown-elf/
LIBRARY_PATH=/usr/lib/gcc/riscv64-unknown-elf/10.2.0/rv64imafdc/lp64d/:/usr/lib/gcc/riscv64-unknown-elf/10.2.0/
COLLECT_GCC_OPTIONS='-v' '-o' 'CMakeFiles/cmTC_2d6e8.dir/CMakeCXXCompilerABI.cpp.obj' '-c' '-march=rv64imafdc' '-mabi=lp64d'
Linking CXX executable cmTC_2d6e8
/usr/bin/cmake -E cmake_link_script CMakeFiles/cmTC_2d6e8.dir/link.txt --verbose=1
/usr/bin/riscv64-unknown-elf-g++  -v CMakeFiles/cmTC_2d6e8.dir/CMakeCXXCompilerABI.cpp.obj -o cmTC_2d6e8 
Using built-in specs.
COLLECT_GCC=/usr/bin/riscv64-unknown-elf-g++
COLLECT_LTO_WRAPPER=/usr/lib/gcc/riscv64-unknown-elf/10.2.0/lto-wrapper
Target: riscv64-unknown-elf
Configured with: ../configure --build=x86_64-linux-gnu --prefix=/usr --includedir='/usr/include' --mandir='/usr/share/man' --infodir='/usr/share/info' --sysconfdir=/etc --localstatedir=/var --disable-option-checking --disable-silent-rules --libdir='/usr/lib/x86_64-linux-gnu' --libexecdir='/usr/lib/x86_64-linux-gnu' --disable-maintainer-mode --disable-dependency-tracking --target=riscv64-unknown-elf --prefix=/usr --infodir=/usr/share/doc/gcc-riscv64-unknown-elf/info --mandir=/usr/share/man --htmldir=/usr/share/doc/gcc-riscv64-unknown-elf/html --pdfdir=/usr/share/doc/gcc-riscv64-unknown-elf/pdf --bindir=/usr/bin --libexecdir=/usr/lib --libdir=/usr/lib --with-pkgversion= --disable-shared --disable-threads --enable-languages=c,c++ --enable-tls --with-newlib --with-native-system-header-dir=/include --disable-libmudflap --disable-libssp --disable-libquadmath --disable-libgomp --disable-nls --with-system-zlib --enable-checking=yes --enable-multilib --with-abi=lp64d --disable-libstdcxx-pch --disable-libstdcxx --disable-fixinc --with-arch=rv64imafdc --with-gnu-as --with-gnu-ld --with-as=/usr/lib/riscv64-unknown-elf/bin/as --with-ld=/usr/lib/riscv64-unknown-elf/bin/ld AR_FOR_TARGET=/usr/lib/riscv64-unknown-elf/bin/ar AS_FOR_TARGET=/usr/lib/riscv64-unknown-elf/bin/as NM_FOR_TARGET=/usr/lib/riscv64-unknown-elf/bin/nm LD_FOR_TARGET=/usr/lib/riscv64-unknown-elf/bin/ld OBJDUMP_FOR_TARGET=/usr/lib/riscv64-unknown-elf/bin/objdump RANLIB_FOR_TARGET=/usr/lib/riscv64-unknown-elf/bin/ranlib READELF_FOR_TARGET=/usr/lib/riscv64-unknown-elf/bin/readelf STRIP_FOR_TARGET=/usr/lib/riscv64-unknown-elf/bin/strip CFLAGS='-g -O2 -fdebug-prefix-map=/build/gcc-riscv64-unknown-elf-LkcieF/gcc-riscv64-unknown-elf-10.2.0=. -fstack-protector-strong' CPPFLAGS='-Wdate-time -D_FORTIFY_SOURCE=2' CXXFLAGS='-g -O2 -fdebug-prefix-map=/build/gcc-riscv64-unknown-elf-LkcieF/gcc-riscv64-unknown-elf-10.2.0=. -fstack-protector-strong' FCFLAGS='-g -O2 -fdebug-prefix-map=/build/gcc-riscv64-unknown-elf-LkcieF/gcc-riscv64-unknown-elf-10.2.0=. -fstack-protector-strong' FFLAGS='-g -O2 -fdebug-prefix-map=/build/gcc-riscv64-unknown-elf-LkcieF/gcc-riscv64-unknown-elf-10.2.0=. -fstack-protector-strong' GCJFLAGS='-g -O2 -fdebug-prefix-map=/build/gcc-riscv64-unknown-elf-LkcieF/gcc-riscv64-unknown-elf-10.2.0=. -fstack-protector-strong' LDFLAGS='-Wl,-Bsymbolic-functions -Wl,-z,relro -Wl,-z,now' OBJCFLAGS='-g -O2 -fdebug-prefix-map=/build/gcc-riscv64-unknown-elf-LkcieF/gcc-riscv64-unknown-elf-10.2.0=. -fstack-protector-strong' OBJCXXFLAGS='-g -O2 -fdebug-prefix-map=/build/gcc-riscv64-unknown-elf-LkcieF/gcc-riscv64-unknown-elf-10.2.0=. -fstack-protector-strong' 'CFLAGS_FOR_TARGET=-Os -mcmodel=medany' 'CXXFLAGS_FOR_TARGET=-Os -mcmodel=medany'
Thread model: single
Supported LTO compression algorithms: zlib
gcc version 10.2.0 () 
COMPILER_PATH=/usr/lib/gcc/riscv64-unknown-elf/10.2.0/:/usr/lib/gcc/riscv64-unknown-elf/10.2.0/:/usr/lib/gcc/riscv64-unknown-elf/:/usr/lib/gcc/riscv64-unknown-elf/10.2.0/:/usr/lib/gcc/riscv64-unknown-elf/
LIBRARY_PATH=/usr/lib/gcc/riscv64-unknown-elf/10.2.0/rv64imafdc/lp64d/:/usr/lib/gcc/riscv64-unknown-elf/10.2.0/
COLLECT_GCC_OPTIONS='-v' '-o' 'cmTC_2d6e8' '-march=rv64imafdc' '-mabi=lp64d'
 /usr/lib/gcc/riscv64-unknown-elf/10.2.0/collect2 -plugin /usr/lib/gcc/riscv64-unknown-elf/10.2.0/liblto_plugin.so -plugin-opt=/usr/lib/gcc/riscv64-unknown-elf/10.2.0/lto-wrapper -plugin-opt=-fresolution=/tmp/ccxnSQ2l.res -plugin-opt=-pass-through=-lgcc -plugin-opt=-pass-through=-lc -plugin-opt=-pass-through=-lgloss -plugin-opt=-pass-through=-lgcc -melf64lriscv -o cmTC_2d6e8 crt0.o /usr/lib/gcc/riscv64-unknown-elf/10.2.0/rv64imafdc/lp64d/crtbegin.o -L/usr/lib/gcc/riscv64-unknown-elf/10.2.0/rv64imafdc/lp64d -L/usr/lib/gcc/riscv64-unknown-elf/10.2.0 CMakeFiles/cmTC_2d6e8.dir/CMakeCXXCompilerABI.cpp.obj -lstdc++ -lm -lgcc --start-group -lc -lgloss --end-group -lgcc /usr/lib/gcc/riscv64-unknown-elf/10.2.0/rv64imafdc/lp64d/crtend.o
/usr/lib/riscv64-unknown-elf/bin/ld: cannot find crt0.o: No such file or directory
/usr/lib/riscv64-unknown-elf/bin/ld: cannot find -lstdc++
/usr/lib/riscv64-unknown-elf/bin/ld: cannot find -lm
/usr/lib/riscv64-unknown-elf/bin/ld: cannot find -lc
/usr/lib/riscv64-unknown-elf/bin/ld: cannot find -lgloss
collect2: error: ld returned 1 exit status
gmake[1]: *** [CMakeFiles/cmTC_2d6e8.dir/build.make:99: cmTC_2d6e8] Error 1
gmake[1]: Leaving directory '/media/dm/HOME/CODE-20260327-Wch32v208/ch32blehid/build/CMakeFiles/CMakeTmp'
gmake: *** [Makefile:127: cmTC_2d6e8/fast] Error 2




